2026-07-26 00:45:42 [DEBUG] event session: {'type': 'session', 'status': 'start', 'total': 10, 'concurrency': 1}
2026-07-26 00:45:42 [DEBUG] event log: {'type': 'log', 'level': 'info', 'message': 'Session start · 10 accounts · 1 browsers'}
2026-07-26 00:45:42 [INFO] B01 [00] Turnstile Extension | OK | Loaded: turnstilePatch
2026-07-26 00:45:42 [DEBUG] event step: {'type': 'step', 'browser': 1, 'step': 0, 'name': 'Turnstile Extension', 'status': 'OK', 'detail': 'Loaded: turnstilePatch', 'ts': '00:45:42'}
2026-07-26 00:45:42 [DEBUG] event log: {'type': 'log', 'level': 'info', 'message': 'Serial mode · browser reuse + auto-recover after fails (OK to switch tabs)'}
2026-07-26 00:45:51 [DEBUG] place_browser_window: no free Camoufox hwnd for slot 1
2026-07-26 00:45:51 [INFO] B01 [00] Account #001 | WAIT | Starting...
2026-07-26 00:45:51 [DEBUG] event step: {'type': 'step', 'browser': 1, 'step': 0, 'name': 'Account #001', 'status': 'WAIT', 'detail': 'Starting...', 'ts': '00:45:51'}
2026-07-26 00:45:55 [INFO] tile slot=1 -> (16,16,520x700) title='Camoufox'
2026-07-26 00:45:55 [INFO] B01 [01] Open Signup Page | WAIT | accounts.x.ai
2026-07-26 00:45:55 [DEBUG] event step: {'type': 'step', 'browser': 1, 'step': 1, 'name': 'Open Signup Page', 'status': 'WAIT', 'detail': 'accounts.x.ai', 'ts': '00:45:55'}
2026-07-26 00:45:55 [DEBUG] place slot=1 reapply hwnd=198014 ok=True
2026-07-26 00:45:56 [DEBUG] place slot=1 reapply hwnd=198014 ok=True
2026-07-26 00:45:58 [INFO] B01 [01] Open Signup Page | OK | Page Loaded ✓
2026-07-26 00:45:58 [DEBUG] event step: {'type': 'step', 'browser': 1, 'step': 1, 'name': 'Open Signup Page', 'status': 'OK', 'detail': 'Page Loaded ✓', 'ts': '00:45:58'}
2026-07-26 00:45:58 [INFO] B01 [02] Email Form Click | WAIT | Sign up with email
2026-07-26 00:45:58 [DEBUG] event step: {'type': 'step', 'browser': 1, 'step': 2, 'name': 'Email Form Click', 'status': 'WAIT', 'detail': 'Sign up with email', 'ts': '00:45:58'}
2026-07-26 00:45:59 [INFO] B01 [02] Email Form Click | OK | Form Ready ✓
2026-07-26 00:45:59 [DEBUG] event step: {'type': 'step', 'browser': 1, 'step': 2, 'name': 'Email Form Click', 'status': 'OK', 'detail': 'Form Ready ✓', 'ts': '00:45:59'}
2026-07-26 00:45:59 [INFO] B01 [03] Create Temp Email | WAIT | Requesting inbox...
2026-07-26 00:45:59 [DEBUG] event step: {'type': 'step', 'browser': 1, 'step': 3, 'name': 'Create Temp Email', 'status': 'WAIT', 'detail': 'Requesting inbox...', 'ts': '00:45:59'}
2026-07-26 00:45:59 [INFO] B01 [03] Create Temp Email | WAIT | grok_w9je2plx@cfpanel.biz.id
2026-07-26 00:45:59 [DEBUG] event step: {'type': 'step', 'browser': 1, 'step': 3, 'name': 'Create Temp Email', 'status': 'WAIT', 'detail': 'grok_w9je2plx@cfpanel.biz.id', 'ts': '00:45:59'}
2026-07-26 00:45:59 [DEBUG] place slot=1 reapply hwnd=198014 ok=True
2026-07-26 00:46:01 [INFO] B01 [03] Create Temp Email | OK | Email Submitted ✓
2026-07-26 00:46:01 [DEBUG] event step: {'type': 'step', 'browser': 1, 'step': 3, 'name': 'Create Temp Email', 'status': 'OK', 'detail': 'Email Submitted ✓', 'ts': '00:46:01'}
2026-07-26 00:46:01 [INFO] B01 [04] Wait OTP Code | WAIT | Polling inbox...
2026-07-26 00:46:01 [DEBUG] event step: {'type': 'step', 'browser': 1, 'step': 4, 'name': 'Wait OTP Code', 'status': 'WAIT', 'detail': 'Polling inbox...', 'ts': '00:46:01'}
2026-07-26 00:46:01 [INFO] B01 [04] Wait OTP Code | WAIT | Waiting (0s)...
2026-07-26 00:46:01 [INFO] B01 [04] Wait OTP Code | WAIT | Waiting (0s)...
2026-07-26 00:46:02 [INFO] B01 [04] Wait OTP Code | WAIT | Waiting (1s)...
2026-07-26 00:46:02 [INFO] B01 [04] Wait OTP Code | WAIT | Waiting (1s)...
2026-07-26 00:46:03 [INFO] B01 [04] Wait OTP Code | WAIT | Waiting (2s)...
2026-07-26 00:46:04 [INFO] B01 [04] Wait OTP Code | WAIT | Waiting (2s)...
2026-07-26 00:46:04 [INFO] B01 [04] Wait OTP Code | WAIT | Waiting (3s)...
2026-07-26 00:46:05 [INFO] B01 [04] Wait OTP Code | WAIT | Waiting (3s)...
2026-07-26 00:46:05 [INFO] B01 [04] Wait OTP Code | WAIT | Waiting (4s)...
2026-07-26 00:46:06 [INFO] B01 [04] Wait OTP Code | WAIT | Waiting (4s)...
2026-07-26 00:46:06 [INFO] B01 [04] Wait OTP Code | WAIT | Waiting (5s)...
2026-07-26 00:46:07 [INFO] B01 [04] Wait OTP Code | WAIT | Waiting (5s)...
2026-07-26 00:46:07 [INFO] B01 [04] Wait OTP Code | WAIT | Waiting (6s)...
2026-07-26 00:46:08 [INFO] B01 [04] Wait OTP Code | WAIT | Waiting (7s)...
2026-07-26 00:46:08 [INFO] B01 [04] Wait OTP Code | WAIT | Waiting (7s)...
2026-07-26 00:46:09 [DEBUG] place slot=1 reapply hwnd=198014 ok=True
2026-07-26 00:46:09 [INFO] B01 [04] Wait OTP Code | WAIT | Waiting (8s)...
2026-07-26 00:46:10 [DEBUG] place slot=1 reapply hwnd=198014 ok=True
2026-07-26 00:46:10 [INFO] B01 [04] Wait OTP Code | WAIT | Waiting (8s)...
2026-07-26 00:46:10 [INFO] B01 [04] Wait OTP Code | WAIT | Waiting (9s)...
2026-07-26 00:46:11 [INFO] B01 [04] Wait OTP Code | WAIT | Waiting (9s)...
2026-07-26 00:46:11 [INFO] B01 [04] Wait OTP Code | WAIT | Waiting (10s)...
2026-07-26 00:46:12 [INFO] B01 [04] Wait OTP Code | WAIT | Waiting (10s)...
2026-07-26 00:46:12 [INFO] B01 [04] Wait OTP Code | WAIT | Waiting (11s)...
2026-07-26 00:46:13 [INFO] B01 [04] Wait OTP Code | WAIT | Waiting (11s)...
2026-07-26 00:46:13 [INFO] B01 [04] Wait OTP Code | WAIT | Waiting (12s)...
2026-07-26 00:46:14 [INFO] B01 [04] Wait OTP Code | WAIT | Waiting (13s)...
2026-07-26 00:46:14 [INFO] B01 [04] Wait OTP Code | WAIT | Waiting (13s)...
2026-07-26 00:46:15 [INFO] B01 [04] Wait OTP Code | WAIT | Waiting (14s)...
2026-07-26 00:46:15 [INFO] B01 [04] Wait OTP Code | WAIT | Waiting (14s)...
2026-07-26 00:46:16 [INFO] B01 [04] Wait OTP Code | WAIT | Waiting (15s)...
2026-07-26 00:46:17 [DEBUG] place slot=1 reapply hwnd=198014 ok=True
2026-07-26 00:46:17 [INFO] B01 [04] Wait OTP Code | WAIT | Waiting (16s)...
2026-07-26 00:46:18 [INFO] B01 [04] Wait OTP Code | WAIT | Waiting (17s)...
2026-07-26 00:46:19 [INFO] B01 [04] Wait OTP Code | WAIT | Waiting (17s)...
2026-07-26 00:46:20 [INFO] B01 [04] Wait OTP Code | WAIT | Waiting (18s)...
2026-07-26 00:46:20 [INFO] B01 [04] Wait OTP Code | WAIT | Waiting (19s)...
2026-07-26 00:46:21 [INFO] B01 [04] Wait OTP Code | WAIT | Waiting (20s)...
2026-07-26 00:46:22 [INFO] B01 [04] Wait OTP Code | WAIT | Waiting (21s)...
2026-07-26 00:46:23 [INFO] B01 [04] Wait OTP Code | WAIT | Waiting (22s)...
2026-07-26 00:46:24 [INFO] B01 [04] Wait OTP Code | WAIT | Waiting (23s)...
2026-07-26 00:46:25 [DEBUG] place slot=1 reapply hwnd=198014 ok=True
2026-07-26 00:46:25 [INFO] B01 [04] Wait OTP Code | WAIT | Waiting (24s)...
2026-07-26 00:46:26 [INFO] B01 [04] Wait OTP Code | WAIT | Waiting (25s)...
2026-07-26 00:46:27 [INFO] B01 [04] Wait OTP Code | WAIT | Waiting (25s)...
2026-07-26 00:46:28 [INFO] B01 [04] Wait OTP Code | WAIT | Waiting (26s)...
2026-07-26 00:46:28 [INFO] B01 [04] Wait OTP Code | WAIT | Waiting (27s)...
2026-07-26 00:46:29 [INFO] B01 [04] Wait OTP Code | WAIT | Waiting (28s)...
2026-07-26 00:46:30 [INFO] B01 [04] Wait OTP Code | WAIT | Waiting (29s)...
2026-07-26 00:46:31 [INFO] B01 [04] Wait OTP Code | WAIT | Waiting (30s)...
2026-07-26 00:46:32 [INFO] B01 [04] Wait OTP Code | WAIT | Waiting (31s)...
2026-07-26 00:46:33 [DEBUG] place slot=1 reapply hwnd=198014 ok=True
2026-07-26 00:46:33 [INFO] B01 [04] Wait OTP Code | WAIT | Waiting (32s)...
2026-07-26 00:46:34 [INFO] B01 [04] Wait OTP Code | WAIT | Waiting (33s)...
2026-07-26 00:46:35 [INFO] B01 [04] Wait OTP Code | WAIT | Waiting (34s)...
2026-07-26 00:46:36 [INFO] B01 [04] Wait OTP Code | WAIT | Waiting (34s)...
2026-07-26 00:46:37 [INFO] B01 [04] Wait OTP Code | WAIT | Waiting (35s)...
2026-07-26 00:46:37 [INFO] B01 [04] Wait OTP Code | WAIT | Waiting (36s)...
2026-07-26 00:46:38 [INFO] B01 [04] Wait OTP Code | WAIT | Waiting (37s)...
2026-07-26 00:46:39 [INFO] B01 [04] Wait OTP Code | WAIT | Waiting (38s)...
2026-07-26 00:46:40 [INFO] B01 [04] Wait OTP Code | WAIT | Waiting (39s)...
2026-07-26 00:46:41 [DEBUG] place slot=1 reapply hwnd=198014 ok=True
2026-07-26 00:46:49 [INFO] B01 [04] Wait OTP Code | WAIT | Waiting (40s)...
2026-07-26 00:46:51 [INFO] B01 [04] Wait OTP Code | WAIT | Waiting (50s)...
2026-07-26 00:46:52 [INFO] B01 [04] Wait OTP Code | OK | Code: RM0F2R ✓
2026-07-26 00:46:52 [DEBUG] event step: {'type': 'step', 'browser': 1, 'step': 4, 'name': 'Wait OTP Code', 'status': 'OK', 'detail': 'Code: RM0F2R ✓', 'ts': '00:46:52'}
2026-07-26 00:46:52 [INFO] B01 [05] Submit OTP Code | WAIT | Filling code...
2026-07-26 00:46:52 [DEBUG] event step: {'type': 'step', 'browser': 1, 'step': 5, 'name': 'Submit OTP Code', 'status': 'WAIT', 'detail': 'Filling code...', 'ts': '00:46:52'}
2026-07-26 00:46:53 [DEBUG] place slot=1 reapply hwnd=198014 ok=True
2026-07-26 00:46:53 [INFO] B01 [05] Submit OTP Code | OK | Verified ✓
2026-07-26 00:46:53 [DEBUG] event step: {'type': 'step', 'browser': 1, 'step': 5, 'name': 'Submit OTP Code', 'status': 'OK', 'detail': 'Verified ✓', 'ts': '00:46:53'}
2026-07-26 00:46:53 [INFO] B01 [06] Fill Profile Form | WAIT | Name & Password
2026-07-26 00:46:53 [DEBUG] event step: {'type': 'step', 'browser': 1, 'step': 6, 'name': 'Fill Profile Form', 'status': 'WAIT', 'detail': 'Name & Password', 'ts': '00:46:53'}
2026-07-26 00:46:53 [DEBUG] place slot=1 reapply hwnd=198014 ok=True
2026-07-26 00:46:53 [INFO] B01 [06] Fill Profile Form | OK | Name: Grok W9je2plx ✓
2026-07-26 00:46:53 [DEBUG] event step: {'type': 'step', 'browser': 1, 'step': 6, 'name': 'Fill Profile Form', 'status': 'OK', 'detail': 'Name: Grok W9je2plx ✓', 'ts': '00:46:53'}
2026-07-26 00:46:53 [INFO] B01 [07] Solve Turnstile | WAIT | Auto-solving Cloudflare...
2026-07-26 00:46:53 [DEBUG] event step: {'type': 'step', 'browser': 1, 'step': 7, 'name': 'Solve Turnstile', 'status': 'WAIT', 'detail': 'Auto-solving Cloudflare...', 'ts': '00:46:53'}
2026-07-26 00:46:53 [INFO] B01 [07] Solve Turnstile | WAIT | Waiting (0s)...
2026-07-26 00:46:54 [INFO] B01 [07] Solve Turnstile | WAIT | Waiting (0s)...
2026-07-26 00:46:54 [INFO] B01 [07] Solve Turnstile | WAIT | Waiting (0s)...
2026-07-26 00:46:54 [INFO] B01 [07] Solve Turnstile | WAIT | Waiting (1s)...
2026-07-26 00:46:55 [INFO] B01 [07] Solve Turnstile | WAIT | Waiting (1s)...
2026-07-26 00:46:55 [INFO] B01 [07] Solve Turnstile | WAIT | Waiting (2s)...
2026-07-26 00:46:56 [INFO] B01 [07] Solve Turnstile | WAIT | Waiting (2s)...
2026-07-26 00:46:56 [INFO] B01 [07] Solve Turnstile | OK | Solved & Submitted ✓
2026-07-26 00:46:56 [DEBUG] event step: {'type': 'step', 'browser': 1, 'step': 7, 'name': 'Solve Turnstile', 'status': 'OK', 'detail': 'Solved & Submitted ✓', 'ts': '00:46:56'}
2026-07-26 00:46:58 [INFO] B01 [08] Redirect grok.com | WAIT | Waiting redirect...
2026-07-26 00:46:58 [DEBUG] event step: {'type': 'step', 'browser': 1, 'step': 8, 'name': 'Redirect grok.com', 'status': 'WAIT', 'detail': 'Waiting redirect...', 'ts': '00:46:58'}
2026-07-26 00:47:06 [INFO] B01 [08] Redirect grok.com | OK | Grok Logged In ✓
2026-07-26 00:47:06 [DEBUG] event step: {'type': 'step', 'browser': 1, 'step': 8, 'name': 'Redirect grok.com', 'status': 'OK', 'detail': 'Grok Logged In ✓', 'ts': '00:47:06'}
2026-07-26 00:47:06 [INFO] B01 [09] 9Router OAuth | WAIT | Logging in 9Router...
2026-07-26 00:47:06 [DEBUG] event step: {'type': 'step', 'browser': 1, 'step': 9, 'name': '9Router OAuth', 'status': 'WAIT', 'detail': 'Logging in 9Router...', 'ts': '00:47:06'}
2026-07-26 00:47:10 [INFO] B01 [09] 9Router OAuth | FAIL | No Device Verification URL
2026-07-26 00:47:10 [DEBUG] event step: {'type': 'step', 'browser': 1, 'step': 9, 'name': '9Router OAuth', 'status': 'FAIL', 'detail': 'No Device Verification URL', 'ts': '00:47:10'}
2026-07-26 00:47:10 [INFO] B01 [10] Save Credentials | DONE | Saved → sso.txt
2026-07-26 00:47:10 [DEBUG] event step: {'type': 'step', 'browser': 1, 'step': 10, 'name': 'Save Credentials', 'status': 'DONE', 'detail': 'Saved → sso.txt', 'ts': '00:47:10'}
2026-07-26 00:47:10 [DEBUG] event account_ok: {'type': 'account_ok', 'browser': 1, 'index': 1, 'email': 'grok_w9je2plx@cfpanel.biz.id', 'elapsed': '78.9s', 'r9_success': False}
2026-07-26 00:47:10 [INFO] B01 [00] Account #002 | WAIT | Starting...
2026-07-26 00:47:10 [DEBUG] event step: {'type': 'step', 'browser': 1, 'step': 0, 'name': 'Account #002', 'status': 'WAIT', 'detail': 'Starting...', 'ts': '00:47:10'}
2026-07-26 00:47:16 [INFO] tile slot=1 -> (16,16,520x700) title='Camoufox'
2026-07-26 00:47:16 [INFO] B01 [01] Open Signup Page | WAIT | accounts.x.ai
2026-07-26 00:47:16 [DEBUG] event step: {'type': 'step', 'browser': 1, 'step': 1, 'name': 'Open Signup Page', 'status': 'WAIT', 'detail': 'accounts.x.ai', 'ts': '00:47:16'}
2026-07-26 00:47:16 [DEBUG] place slot=1 reapply hwnd=263546 ok=True
2026-07-26 00:47:19 [DEBUG] place slot=1 reapply hwnd=263546 ok=True
2026-07-26 00:47:20 [INFO] B01 [01] Open Signup Page | OK | Page Loaded ✓
2026-07-26 00:47:20 [DEBUG] event step: {'type': 'step', 'browser': 1, 'step': 1, 'name': 'Open Signup Page', 'status': 'OK', 'detail': 'Page Loaded ✓', 'ts': '00:47:20'}
2026-07-26 00:47:20 [INFO] B01 [02] Email Form Click | WAIT | Sign up with email
2026-07-26 00:47:20 [DEBUG] event step: {'type': 'step', 'browser': 1, 'step': 2, 'name': 'Email Form Click', 'status': 'WAIT', 'detail': 'Sign up with email', 'ts': '00:47:20'}
2026-07-26 00:47:21 [INFO] B01 [02] Email Form Click | OK | Form Ready ✓
2026-07-26 00:47:21 [DEBUG] event step: {'type': 'step', 'browser': 1, 'step': 2, 'name': 'Email Form Click', 'status': 'OK', 'detail': 'Form Ready ✓', 'ts': '00:47:21'}
2026-07-26 00:47:21 [INFO] B01 [03] Create Temp Email | WAIT | Requesting inbox...
2026-07-26 00:47:21 [DEBUG] event step: {'type': 'step', 'browser': 1, 'step': 3, 'name': 'Create Temp Email', 'status': 'WAIT', 'detail': 'Requesting inbox...', 'ts': '00:47:21'}
2026-07-26 00:47:21 [INFO] B01 [03] Create Temp Email | WAIT | grok_3p5uvs51@cfpanel.biz.id
2026-07-26 00:47:21 [DEBUG] event step: {'type': 'step', 'browser': 1, 'step': 3, 'name': 'Create Temp Email', 'status': 'WAIT', 'detail': 'grok_3p5uvs51@cfpanel.biz.id', 'ts': '00:47:21'}
2026-07-26 00:47:21 [DEBUG] place slot=1 reapply hwnd=263546 ok=True
2026-07-26 00:47:22 [INFO] B01 [03] Create Temp Email | OK | Email Submitted ✓
2026-07-26 00:47:22 [DEBUG] event step: {'type': 'step', 'browser': 1, 'step': 3, 'name': 'Create Temp Email', 'status': 'OK', 'detail': 'Email Submitted ✓', 'ts': '00:47:22'}
2026-07-26 00:47:22 [INFO] B01 [04] Wait OTP Code | WAIT | Polling inbox...
2026-07-26 00:47:22 [DEBUG] event step: {'type': 'step', 'browser': 1, 'step': 4, 'name': 'Wait OTP Code', 'status': 'WAIT', 'detail': 'Polling inbox...', 'ts': '00:47:22'}
2026-07-26 00:47:22 [INFO] B01 [04] Wait OTP Code | WAIT | Waiting (0s)...
2026-07-26 00:47:23 [INFO] B01 [04] Wait OTP Code | WAIT | Waiting (0s)...
2026-07-26 00:47:23 [INFO] B01 [04] Wait OTP Code | WAIT | Waiting (1s)...
2026-07-26 00:47:24 [INFO] B01 [04] Wait OTP Code | WAIT | Waiting (1s)...
2026-07-26 00:47:24 [INFO] B01 [04] Wait OTP Code | WAIT | Waiting (2s)...
2026-07-26 00:47:25 [INFO] B01 [04] Wait OTP Code | WAIT | Waiting (2s)...
2026-07-26 00:47:25 [INFO] B01 [04] Wait OTP Code | WAIT | Waiting (3s)...
2026-07-26 00:47:26 [INFO] B01 [04] Wait OTP Code | WAIT | Waiting (3s)...
2026-07-26 00:47:26 [INFO] B01 [04] Wait OTP Code | WAIT | Waiting (4s)...
2026-07-26 00:47:27 [INFO] B01 [04] Wait OTP Code | WAIT | Waiting (5s)...
2026-07-26 00:47:28 [INFO] B01 [04] Wait OTP Code | WAIT | Waiting (5s)...
2026-07-26 00:47:28 [INFO] B01 [04] Wait OTP Code | WAIT | Waiting (6s)...
2026-07-26 00:47:29 [INFO] B01 [04] Wait OTP Code | WAIT | Waiting (6s)...
2026-07-26 00:47:29 [INFO] B01 [04] Wait OTP Code | WAIT | Waiting (7s)...
2026-07-26 00:47:30 [INFO] B01 [04] Wait OTP Code | WAIT | Waiting (7s)...
2026-07-26 00:47:30 [DEBUG] place slot=1 reapply hwnd=263546 ok=True
2026-07-26 00:47:30 [INFO] B01 [04] Wait OTP Code | WAIT | Waiting (8s)...
2026-07-26 00:47:31 [DEBUG] place slot=1 reapply hwnd=263546 ok=True
2026-07-26 00:47:31 [INFO] B01 [04] Wait OTP Code | WAIT | Waiting (8s)...
2026-07-26 00:47:31 [INFO] B01 [04] Wait OTP Code | WAIT | Waiting (9s)...
2026-07-26 00:47:32 [INFO] B01 [04] Wait OTP Code | WAIT | Waiting (10s)...
2026-07-26 00:47:32 [INFO] B01 [04] Wait OTP Code | WAIT | Waiting (10s)...
2026-07-26 00:47:33 [INFO] stop requested
2026-07-26 00:47:33 [ERROR] B01 account#2 attempt=0: Stopped by user
2026-07-26 00:47:33 [DEBUG] Traceback (most recent call last):
  File "D:\MYPROJECT\nuyul\grok\dist\GrokSignup\grok-signup.py", line 1373, in _run_account_on_browser
    res = run_one(ctx, b_id=b_slot, tile_slot=b_slot, tile_max=conc)
  File "D:\MYPROJECT\nuyul\grok\dist\GrokSignup\grok-signup.py", line 1902, in run_one
    return _flow(page, b_id=b_id, tile_slot=tile_slot, tile_max=tile_max)
  File "D:\MYPROJECT\nuyul\grok\dist\GrokSignup\grok-signup.py", line 2042, in _flow
    STOP.check()
  File "D:\MYPROJECT\nuyul\grok\dist\GrokSignup\grok-signup.py", line 145, in check
    raise RuntimeError('Stopped by user')
RuntimeError: Stopped by user

2026-07-26 00:47:33 [INFO] B01 [00] Account #002 | FAIL | Stopped by user
2026-07-26 00:47:33 [DEBUG] event step: {'type': 'step', 'browser': 1, 'step': 0, 'name': 'Account #002', 'status': 'FAIL', 'detail': 'Stopped by user', 'ts': '00:47:33'}
2026-07-26 00:47:33 [DEBUG] event account_fail: {'type': 'account_fail', 'browser': 1, 'index': 2, 'error': 'Stopped by user', 'elapsed': '22.8s', 'email': ''}
2026-07-26 00:47:33 [DEBUG] event log: {'type': 'log', 'level': 'warn', 'message': 'Session stopped by user'}
2026-07-26 00:47:34 [DEBUG] event session: {'type': 'session', 'status': 'done', 'ok': 1, 'total': 10, 'elapsed': 111.94164657592773, 'stopped': True}
2026-07-26 00:48:24 [DEBUG] event session: {'type': 'session', 'status': 'start', 'total': 10, 'concurrency': 1}
2026-07-26 00:48:24 [DEBUG] event log: {'type': 'log', 'level': 'info', 'message': 'Session start · 10 accounts · 1 browsers'}
2026-07-26 00:48:24 [INFO] B01 [00] Turnstile Extension | OK | Loaded: turnstilePatch
2026-07-26 00:48:24 [DEBUG] event step: {'type': 'step', 'browser': 1, 'step': 0, 'name': 'Turnstile Extension', 'status': 'OK', 'detail': 'Loaded: turnstilePatch', 'ts': '00:48:24'}
2026-07-26 00:48:24 [DEBUG] event log: {'type': 'log', 'level': 'info', 'message': 'Serial mode · browser reuse + auto-recover after fails (OK to switch tabs)'}
2026-07-26 00:48:33 [DEBUG] place_browser_window: no free Camoufox hwnd for slot 1
2026-07-26 00:48:33 [INFO] B01 [00] Account #001 | WAIT | Starting...
2026-07-26 00:48:33 [DEBUG] event step: {'type': 'step', 'browser': 1, 'step': 0, 'name': 'Account #001', 'status': 'WAIT', 'detail': 'Starting...', 'ts': '00:48:33'}
2026-07-26 00:48:37 [INFO] tile slot=1 -> (16,16,520x700) title='Camoufox'
2026-07-26 00:48:37 [INFO] B01 [01] Open Signup Page | WAIT | accounts.x.ai
2026-07-26 00:48:37 [DEBUG] event step: {'type': 'step', 'browser': 1, 'step': 1, 'name': 'Open Signup Page', 'status': 'WAIT', 'detail': 'accounts.x.ai', 'ts': '00:48:37'}
2026-07-26 00:48:37 [DEBUG] place slot=1 reapply hwnd=263574 ok=True
2026-07-26 00:48:39 [DEBUG] place slot=1 reapply hwnd=263574 ok=True
2026-07-26 00:48:40 [INFO] B01 [01] Open Signup Page | OK | Page Loaded ✓
2026-07-26 00:48:40 [DEBUG] event step: {'type': 'step', 'browser': 1, 'step': 1, 'name': 'Open Signup Page', 'status': 'OK', 'detail': 'Page Loaded ✓', 'ts': '00:48:40'}
2026-07-26 00:48:40 [INFO] B01 [02] Email Form Click | WAIT | Sign up with email
2026-07-26 00:48:40 [DEBUG] event step: {'type': 'step', 'browser': 1, 'step': 2, 'name': 'Email Form Click', 'status': 'WAIT', 'detail': 'Sign up with email', 'ts': '00:48:40'}
2026-07-26 00:48:41 [INFO] B01 [02] Email Form Click | OK | Form Ready ✓
2026-07-26 00:48:41 [DEBUG] event step: {'type': 'step', 'browser': 1, 'step': 2, 'name': 'Email Form Click', 'status': 'OK', 'detail': 'Form Ready ✓', 'ts': '00:48:41'}
2026-07-26 00:48:41 [INFO] B01 [03] Create Temp Email | WAIT | Requesting inbox...
2026-07-26 00:48:41 [DEBUG] event step: {'type': 'step', 'browser': 1, 'step': 3, 'name': 'Create Temp Email', 'status': 'WAIT', 'detail': 'Requesting inbox...', 'ts': '00:48:41'}
2026-07-26 00:48:41 [INFO] B01 [03] Create Temp Email | WAIT | grok_siu74lvx@cfpanel.biz.id
2026-07-26 00:48:41 [DEBUG] event step: {'type': 'step', 'browser': 1, 'step': 3, 'name': 'Create Temp Email', 'status': 'WAIT', 'detail': 'grok_siu74lvx@cfpanel.biz.id', 'ts': '00:48:41'}
2026-07-26 00:48:41 [DEBUG] place slot=1 reapply hwnd=263574 ok=True
2026-07-26 00:48:42 [INFO] B01 [03] Create Temp Email | OK | Email Submitted ✓
2026-07-26 00:48:42 [DEBUG] event step: {'type': 'step', 'browser': 1, 'step': 3, 'name': 'Create Temp Email', 'status': 'OK', 'detail': 'Email Submitted ✓', 'ts': '00:48:42'}
2026-07-26 00:48:42 [INFO] B01 [04] Wait OTP Code | WAIT | Polling inbox...
2026-07-26 00:48:42 [DEBUG] event step: {'type': 'step', 'browser': 1, 'step': 4, 'name': 'Wait OTP Code', 'status': 'WAIT', 'detail': 'Polling inbox...', 'ts': '00:48:42'}
2026-07-26 00:48:42 [INFO] B01 [04] Wait OTP Code | WAIT | Waiting (0s)...
2026-07-26 00:48:43 [INFO] B01 [04] Wait OTP Code | WAIT | Waiting (0s)...
2026-07-26 00:48:43 [INFO] B01 [04] Wait OTP Code | WAIT | Waiting (1s)...
2026-07-26 00:48:44 [INFO] B01 [04] Wait OTP Code | WAIT | Waiting (1s)...
2026-07-26 00:48:44 [INFO] B01 [04] Wait OTP Code | WAIT | Waiting (2s)...
2026-07-26 00:48:45 [INFO] B01 [04] Wait OTP Code | WAIT | Waiting (2s)...
2026-07-26 00:48:45 [INFO] B01 [04] Wait OTP Code | WAIT | Waiting (3s)...
2026-07-26 00:48:46 [INFO] B01 [04] Wait OTP Code | WAIT | Waiting (3s)...
2026-07-26 00:48:46 [INFO] B01 [04] Wait OTP Code | WAIT | Waiting (4s)...
2026-07-26 00:48:47 [INFO] B01 [04] Wait OTP Code | WAIT | Waiting (4s)...
2026-07-26 00:48:48 [INFO] B01 [04] Wait OTP Code | WAIT | Waiting (5s)...
2026-07-26 00:48:48 [INFO] B01 [04] Wait OTP Code | WAIT | Waiting (5s)...
2026-07-26 00:48:49 [INFO] B01 [04] Wait OTP Code | WAIT | Waiting (6s)...
2026-07-26 00:48:49 [INFO] B01 [04] Wait OTP Code | WAIT | Waiting (7s)...
2026-07-26 00:48:50 [INFO] B01 [04] Wait OTP Code | WAIT | Waiting (7s)...
2026-07-26 00:48:50 [DEBUG] place slot=1 reapply hwnd=263574 ok=True
2026-07-26 00:48:50 [INFO] B01 [04] Wait OTP Code | WAIT | Waiting (8s)...
2026-07-26 00:48:51 [DEBUG] place slot=1 reapply hwnd=263574 ok=True
2026-07-26 00:48:51 [INFO] B01 [04] Wait OTP Code | WAIT | Waiting (8s)...
2026-07-26 00:48:51 [INFO] B01 [04] Wait OTP Code | WAIT | Waiting (9s)...
2026-07-26 00:48:52 [INFO] B01 [04] Wait OTP Code | WAIT | Waiting (9s)...
2026-07-26 00:48:52 [INFO] B01 [04] Wait OTP Code | WAIT | Waiting (10s)...
2026-07-26 00:48:53 [INFO] B01 [04] Wait OTP Code | WAIT | Waiting (10s)...
2026-07-26 00:48:54 [INFO] B01 [04] Wait OTP Code | WAIT | Waiting (11s)...
2026-07-26 00:48:54 [INFO] B01 [04] Wait OTP Code | WAIT | Waiting (11s)...
2026-07-26 00:48:55 [INFO] B01 [04] Wait OTP Code | WAIT | Waiting (12s)...
2026-07-26 00:48:55 [INFO] B01 [04] Wait OTP Code | WAIT | Waiting (12s)...
2026-07-26 00:48:56 [INFO] B01 [04] Wait OTP Code | WAIT | Waiting (13s)...
2026-07-26 00:48:56 [INFO] B01 [04] Wait OTP Code | WAIT | Waiting (14s)...
2026-07-26 00:48:57 [INFO] B01 [04] Wait OTP Code | WAIT | Waiting (14s)...
2026-07-26 00:48:57 [INFO] B01 [04] Wait OTP Code | WAIT | Waiting (15s)...
2026-07-26 00:48:58 [INFO] B01 [04] Wait OTP Code | WAIT | Waiting (15s)...
2026-07-26 00:48:59 [DEBUG] place slot=1 reapply hwnd=263574 ok=True
2026-07-26 00:48:59 [INFO] B01 [04] Wait OTP Code | WAIT | Waiting (16s)...
2026-07-26 00:49:00 [INFO] B01 [04] Wait OTP Code | WAIT | Waiting (17s)...
2026-07-26 00:49:01 [INFO] B01 [04] Wait OTP Code | WAIT | Waiting (18s)...
2026-07-26 00:49:02 [INFO] B01 [04] Wait OTP Code | WAIT | Waiting (19s)...
2026-07-26 00:49:03 [INFO] B01 [04] Wait OTP Code | WAIT | Waiting (20s)...
2026-07-26 00:49:03 [INFO] B01 [04] Wait OTP Code | WAIT | Waiting (21s)...
2026-07-26 00:49:04 [INFO] B01 [04] Wait OTP Code | WAIT | Waiting (22s)...
2026-07-26 00:49:05 [INFO] B01 [04] Wait OTP Code | WAIT | Waiting (23s)...
2026-07-26 00:49:06 [INFO] B01 [04] Wait OTP Code | WAIT | Waiting (23s)...
2026-07-26 00:49:07 [DEBUG] place slot=1 reapply hwnd=263574 ok=True
2026-07-26 00:49:07 [INFO] B01 [04] Wait OTP Code | WAIT | Waiting (24s)...
2026-07-26 00:49:08 [INFO] B01 [04] Wait OTP Code | WAIT | Waiting (25s)...
2026-07-26 00:49:09 [INFO] B01 [04] Wait OTP Code | WAIT | Waiting (26s)...
2026-07-26 00:49:10 [INFO] B01 [04] Wait OTP Code | WAIT | Waiting (27s)...
2026-07-26 00:49:11 [INFO] B01 [04] Wait OTP Code | WAIT | Waiting (28s)...
2026-07-26 00:49:11 [INFO] B01 [04] Wait OTP Code | WAIT | Waiting (29s)...
2026-07-26 00:49:12 [INFO] B01 [04] Wait OTP Code | WAIT | Waiting (30s)...
2026-07-26 00:49:13 [INFO] B01 [04] Wait OTP Code | WAIT | Waiting (31s)...
2026-07-26 00:49:14 [INFO] B01 [04] Wait OTP Code | WAIT | Waiting (31s)...
2026-07-26 00:49:15 [DEBUG] place slot=1 reapply hwnd=263574 ok=True
2026-07-26 00:49:15 [INFO] B01 [04] Wait OTP Code | WAIT | Waiting (32s)...
2026-07-26 00:49:16 [INFO] B01 [04] Wait OTP Code | WAIT | Waiting (33s)...
2026-07-26 00:49:17 [INFO] B01 [04] Wait OTP Code | WAIT | Waiting (34s)...
2026-07-26 00:49:18 [INFO] B01 [04] Wait OTP Code | WAIT | Waiting (35s)...
2026-07-26 00:49:19 [INFO] B01 [04] Wait OTP Code | WAIT | Waiting (36s)...
2026-07-26 00:49:19 [INFO] B01 [04] Wait OTP Code | WAIT | Waiting (37s)...
2026-07-26 00:49:20 [INFO] B01 [04] Wait OTP Code | WAIT | Waiting (38s)...
2026-07-26 00:49:21 [INFO] B01 [04] Wait OTP Code | WAIT | Waiting (39s)...
2026-07-26 00:49:22 [INFO] B01 [04] Wait OTP Code | WAIT | Waiting (39s)...
2026-07-26 00:49:23 [DEBUG] place slot=1 reapply hwnd=263574 ok=True
2026-07-26 00:49:23 [INFO] B01 [04] Wait OTP Code | WAIT | Waiting (40s)...
2026-07-26 00:49:25 [INFO] B01 [04] Wait OTP Code | WAIT | Waiting (42s)...
2026-07-26 00:49:26 [INFO] B01 [04] Wait OTP Code | WAIT | Waiting (43s)...
2026-07-26 00:49:27 [INFO] B01 [04] Wait OTP Code | WAIT | Waiting (45s)...
2026-07-26 00:49:29 [INFO] B01 [04] Wait OTP Code | WAIT | Waiting (46s)...
2026-07-26 00:49:31 [DEBUG] place slot=1 reapply hwnd=263574 ok=True
2026-07-26 00:49:31 [INFO] B01 [04] Wait OTP Code | WAIT | Waiting (48s)...
2026-07-26 00:49:32 [INFO] B01 [04] Wait OTP Code | OK | Code: NILFA4 ✓
2026-07-26 00:49:32 [DEBUG] event step: {'type': 'step', 'browser': 1, 'step': 4, 'name': 'Wait OTP Code', 'status': 'OK', 'detail': 'Code: NILFA4 ✓', 'ts': '00:49:32'}
2026-07-26 00:49:32 [INFO] B01 [05] Submit OTP Code | WAIT | Filling code...
2026-07-26 00:49:32 [DEBUG] event step: {'type': 'step', 'browser': 1, 'step': 5, 'name': 'Submit OTP Code', 'status': 'WAIT', 'detail': 'Filling code...', 'ts': '00:49:32'}
2026-07-26 00:49:32 [DEBUG] place slot=1 reapply hwnd=263574 ok=True
2026-07-26 00:49:33 [INFO] B01 [05] Submit OTP Code | OK | Verified ✓
2026-07-26 00:49:33 [DEBUG] event step: {'type': 'step', 'browser': 1, 'step': 5, 'name': 'Submit OTP Code', 'status': 'OK', 'detail': 'Verified ✓', 'ts': '00:49:33'}
2026-07-26 00:49:33 [INFO] B01 [06] Fill Profile Form | WAIT | Name & Password
2026-07-26 00:49:33 [DEBUG] event step: {'type': 'step', 'browser': 1, 'step': 6, 'name': 'Fill Profile Form', 'status': 'WAIT', 'detail': 'Name & Password', 'ts': '00:49:33'}
2026-07-26 00:49:33 [DEBUG] place slot=1 reapply hwnd=263574 ok=True
2026-07-26 00:49:34 [INFO] B01 [06] Fill Profile Form | OK | Name: Grok Siu74lvx ✓
2026-07-26 00:49:34 [DEBUG] event step: {'type': 'step', 'browser': 1, 'step': 6, 'name': 'Fill Profile Form', 'status': 'OK', 'detail': 'Name: Grok Siu74lvx ✓', 'ts': '00:49:34'}
2026-07-26 00:49:34 [INFO] B01 [07] Solve Turnstile | WAIT | Auto-solving Cloudflare...
2026-07-26 00:49:34 [DEBUG] event step: {'type': 'step', 'browser': 1, 'step': 7, 'name': 'Solve Turnstile', 'status': 'WAIT', 'detail': 'Auto-solving Cloudflare...', 'ts': '00:49:34'}
2026-07-26 00:49:34 [INFO] B01 [07] Solve Turnstile | WAIT | Waiting (0s)...
2026-07-26 00:49:34 [INFO] B01 [07] Solve Turnstile | WAIT | Waiting (0s)...
2026-07-26 00:49:34 [INFO] B01 [07] Solve Turnstile | WAIT | Waiting (0s)...
2026-07-26 00:49:35 [INFO] B01 [07] Solve Turnstile | OK | Solved & Submitted ✓
2026-07-26 00:49:35 [DEBUG] event step: {'type': 'step', 'browser': 1, 'step': 7, 'name': 'Solve Turnstile', 'status': 'OK', 'detail': 'Solved & Submitted ✓', 'ts': '00:49:35'}
2026-07-26 00:49:35 [INFO] B01 [08] Redirect grok.com | WAIT | Waiting redirect...
2026-07-26 00:49:35 [DEBUG] event step: {'type': 'step', 'browser': 1, 'step': 8, 'name': 'Redirect grok.com', 'status': 'WAIT', 'detail': 'Waiting redirect...', 'ts': '00:49:35'}
2026-07-26 00:49:51 [INFO] B01 [08] Redirect grok.com | OK | Grok Logged In ✓
2026-07-26 00:49:51 [DEBUG] event step: {'type': 'step', 'browser': 1, 'step': 8, 'name': 'Redirect grok.com', 'status': 'OK', 'detail': 'Grok Logged In ✓', 'ts': '00:49:51'}
2026-07-26 00:49:51 [INFO] B01 [09] 9Router OAuth | WAIT | Logging in 9Router...
2026-07-26 00:49:51 [DEBUG] event step: {'type': 'step', 'browser': 1, 'step': 9, 'name': '9Router OAuth', 'status': 'WAIT', 'detail': 'Logging in 9Router...', 'ts': '00:49:51'}
2026-07-26 00:49:54 [INFO] B01 [09] 9Router OAuth | WAIT | User Code: SHM2-GXZH (try 1/3)
2026-07-26 00:49:54 [DEBUG] event step: {'type': 'step', 'browser': 1, 'step': 9, 'name': '9Router OAuth', 'status': 'WAIT', 'detail': 'User Code: SHM2-GXZH (try 1/3)', 'ts': '00:49:54'}
2026-07-26 00:49:55 [INFO] B01 [09] 9Router OAuth | WAIT | Device code filled ✓
2026-07-26 00:49:55 [DEBUG] event step: {'type': 'step', 'browser': 1, 'step': 9, 'name': '9Router OAuth', 'status': 'WAIT', 'detail': 'Device code filled ✓', 'ts': '00:49:55'}
2026-07-26 00:50:09 [DEBUG] oauth poll error: {'success': False, 'error': 'invalid_grant', 'errorDescription': 'Access denied', 'pending': False}
2026-07-26 00:50:10 [DEBUG] oauth poll error: {'success': False, 'error': 'invalid_grant', 'errorDescription': 'Access denied', 'pending': False}
2026-07-26 00:50:11 [DEBUG] oauth poll error: {'success': False, 'error': 'invalid_grant', 'errorDescription': 'Access denied', 'pending': False}
2026-07-26 00:50:13 [DEBUG] oauth poll error: {'success': False, 'error': 'invalid_grant', 'errorDescription': 'Access denied', 'pending': False}
2026-07-26 00:50:14 [DEBUG] oauth poll error: {'success': False, 'error': 'invalid_grant', 'errorDescription': 'Access denied', 'pending': False}
2026-07-26 00:50:15 [DEBUG] oauth poll error: {'success': False, 'error': 'invalid_grant', 'errorDescription': 'Access denied', 'pending': False}
2026-07-26 00:50:16 [DEBUG] oauth poll error: {'success': False, 'error': 'invalid_grant', 'errorDescription': 'Access denied', 'pending': False}
2026-07-26 00:50:18 [DEBUG] oauth poll error: {'success': False, 'error': 'invalid_grant', 'errorDescription': 'Access denied', 'pending': False}
2026-07-26 00:50:19 [DEBUG] oauth poll error: {'success': False, 'error': 'invalid_grant', 'errorDescription': 'Access denied', 'pending': False}
2026-07-26 00:50:21 [DEBUG] oauth poll error: {'success': False, 'error': 'invalid_grant', 'errorDescription': 'Access denied', 'pending': False}
2026-07-26 00:50:22 [DEBUG] oauth poll error: {'success': False, 'error': 'invalid_grant', 'errorDescription': 'Access denied', 'pending': False}
2026-07-26 00:50:24 [DEBUG] oauth poll error: {'success': False, 'error': 'invalid_grant', 'errorDescription': 'Access denied', 'pending': False}
2026-07-26 00:50:25 [INFO] B01 [09] 9Router OAuth | WAIT | Timeout — retry OAuth (1/3)
2026-07-26 00:50:25 [DEBUG] event step: {'type': 'step', 'browser': 1, 'step': 9, 'name': '9Router OAuth', 'status': 'WAIT', 'detail': 'Timeout — retry OAuth (1/3)', 'ts': '00:50:25'}
2026-07-26 00:50:26 [INFO] B01 [09] 9Router OAuth | WAIT | User Code: SF3J-C9AJ (try 2/3)
2026-07-26 00:50:26 [DEBUG] event step: {'type': 'step', 'browser': 1, 'step': 9, 'name': '9Router OAuth', 'status': 'WAIT', 'detail': 'User Code: SF3J-C9AJ (try 2/3)', 'ts': '00:50:26'}
2026-07-26 00:50:27 [INFO] B01 [09] 9Router OAuth | WAIT | Device code filled ✓
2026-07-26 00:50:27 [DEBUG] event step: {'type': 'step', 'browser': 1, 'step': 9, 'name': '9Router OAuth', 'status': 'WAIT', 'detail': 'Device code filled ✓', 'ts': '00:50:27'}
2026-07-26 00:50:42 [DEBUG] oauth poll error: {'success': False, 'error': 'invalid_grant', 'errorDescription': 'Access denied', 'pending': False}
2026-07-26 00:50:43 [DEBUG] oauth poll error: {'success': False, 'error': 'invalid_grant', 'errorDescription': 'Access denied', 'pending': False}
2026-07-26 00:50:44 [DEBUG] oauth poll error: {'success': False, 'error': 'invalid_grant', 'errorDescription': 'Access denied', 'pending': False}
2026-07-26 00:50:45 [DEBUG] oauth poll error: {'success': False, 'error': 'invalid_grant', 'errorDescription': 'Access denied', 'pending': False}
2026-07-26 00:50:46 [DEBUG] oauth poll error: {'success': False, 'error': 'invalid_grant', 'errorDescription': 'Access denied', 'pending': False}
2026-07-26 00:50:47 [DEBUG] oauth poll error: {'success': False, 'error': 'invalid_grant', 'errorDescription': 'Access denied', 'pending': False}
2026-07-26 00:50:48 [DEBUG] oauth poll error: {'success': False, 'error': 'invalid_grant', 'errorDescription': 'Access denied', 'pending': False}
2026-07-26 00:50:50 [DEBUG] oauth poll error: {'success': False, 'error': 'invalid_grant', 'errorDescription': 'Access denied', 'pending': False}
2026-07-26 00:50:51 [DEBUG] oauth poll error: {'success': False, 'error': 'invalid_grant', 'errorDescription': 'Access denied', 'pending': False}
2026-07-26 00:50:53 [DEBUG] oauth poll error: {'success': False, 'error': 'invalid_grant', 'errorDescription': 'Access denied', 'pending': False}
2026-07-26 00:50:55 [DEBUG] oauth poll error: {'success': False, 'error': 'invalid_grant', 'errorDescription': 'Access denied', 'pending': False}
2026-07-26 00:50:56 [DEBUG] oauth poll error: {'success': False, 'error': 'invalid_grant', 'errorDescription': 'Access denied', 'pending': False}
2026-07-26 00:50:57 [INFO] B01 [09] 9Router OAuth | WAIT | Timeout — retry OAuth (2/3)
2026-07-26 00:50:57 [DEBUG] event step: {'type': 'step', 'browser': 1, 'step': 9, 'name': '9Router OAuth', 'status': 'WAIT', 'detail': 'Timeout — retry OAuth (2/3)', 'ts': '00:50:57'}
2026-07-26 00:50:58 [INFO] B01 [09] 9Router OAuth | WAIT | User Code: JWKC-R9R9 (try 3/3)
2026-07-26 00:50:58 [DEBUG] event step: {'type': 'step', 'browser': 1, 'step': 9, 'name': '9Router OAuth', 'status': 'WAIT', 'detail': 'User Code: JWKC-R9R9 (try 3/3)', 'ts': '00:50:58'}
2026-07-26 00:50:59 [INFO] B01 [09] 9Router OAuth | WAIT | Device code filled ✓
2026-07-26 00:50:59 [DEBUG] event step: {'type': 'step', 'browser': 1, 'step': 9, 'name': '9Router OAuth', 'status': 'WAIT', 'detail': 'Device code filled ✓', 'ts': '00:50:59'}
2026-07-26 00:51:14 [DEBUG] oauth poll error: {'success': False, 'error': 'invalid_grant', 'errorDescription': 'Access denied', 'pending': False}
2026-07-26 00:51:15 [DEBUG] oauth poll error: {'success': False, 'error': 'invalid_grant', 'errorDescription': 'Access denied', 'pending': False}
2026-07-26 00:51:16 [DEBUG] oauth poll error: {'success': False, 'error': 'invalid_grant', 'errorDescription': 'Access denied', 'pending': False}
2026-07-26 00:51:17 [DEBUG] oauth poll error: {'success': False, 'error': 'invalid_grant', 'errorDescription': 'Access denied', 'pending': False}
2026-07-26 00:51:18 [DEBUG] oauth poll error: {'success': False, 'error': 'invalid_grant', 'errorDescription': 'Access denied', 'pending': False}
2026-07-26 00:51:19 [DEBUG] oauth poll error: {'success': False, 'error': 'invalid_grant', 'errorDescription': 'Access denied', 'pending': False}
2026-07-26 00:51:21 [DEBUG] oauth poll error: {'success': False, 'error': 'invalid_grant', 'errorDescription': 'Access denied', 'pending': False}
2026-07-26 00:51:22 [DEBUG] oauth poll error: {'success': False, 'error': 'invalid_grant', 'errorDescription': 'Access denied', 'pending': False}
2026-07-26 00:51:24 [DEBUG] oauth poll error: {'success': False, 'error': 'invalid_grant', 'errorDescription': 'Access denied', 'pending': False}
2026-07-26 00:51:25 [DEBUG] oauth poll error: {'success': False, 'error': 'invalid_grant', 'errorDescription': 'Access denied', 'pending': False}
2026-07-26 00:51:27 [DEBUG] oauth poll error: {'success': False, 'error': 'invalid_grant', 'errorDescription': 'Access denied', 'pending': False}
2026-07-26 00:51:28 [DEBUG] oauth poll error: {'success': False, 'error': 'invalid_grant', 'errorDescription': 'Access denied', 'pending': False}
2026-07-26 00:51:30 [DEBUG] oauth poll error: {'success': False, 'error': 'invalid_grant', 'errorDescription': 'Access denied', 'pending': False}
2026-07-26 00:51:31 [DEBUG] oauth poll error: {'success': False, 'error': 'invalid_grant', 'errorDescription': 'Access denied', 'pending': False}
2026-07-26 00:51:33 [DEBUG] oauth poll error: {'success': False, 'error': 'invalid_grant', 'errorDescription': 'Access denied', 'pending': False}
2026-07-26 00:51:34 [DEBUG] oauth poll error: {'success': False, 'error': 'invalid_grant', 'errorDescription': 'Access denied', 'pending': False}
2026-07-26 00:51:36 [INFO] B01 [09] 9Router OAuth | FAIL | Timeout — retry OAuth (3/3)
2026-07-26 00:51:36 [DEBUG] event step: {'type': 'step', 'browser': 1, 'step': 9, 'name': '9Router OAuth', 'status': 'FAIL', 'detail': 'Timeout — retry OAuth (3/3)', 'ts': '00:51:36'}
2026-07-26 00:51:36 [INFO] B01 [09] 9Router OAuth | FAIL | OAuth Timeout / Not Approved
2026-07-26 00:51:36 [DEBUG] event step: {'type': 'step', 'browser': 1, 'step': 9, 'name': '9Router OAuth', 'status': 'FAIL', 'detail': 'OAuth Timeout / Not Approved', 'ts': '00:51:36'}
2026-07-26 00:51:36 [INFO] B01 [10] Save Credentials | DONE | Saved → sso.txt
2026-07-26 00:51:36 [DEBUG] event step: {'type': 'step', 'browser': 1, 'step': 10, 'name': 'Save Credentials', 'status': 'DONE', 'detail': 'Saved → sso.txt', 'ts': '00:51:36'}
2026-07-26 00:51:36 [DEBUG] event account_ok: {'type': 'account_ok', 'browser': 1, 'index': 1, 'email': 'grok_siu74lvx@cfpanel.biz.id', 'elapsed': '183.6s', 'r9_success': False}
2026-07-26 00:51:37 [INFO] B01 [00] Account #002 | WAIT | Starting...
2026-07-26 00:51:37 [DEBUG] event step: {'type': 'step', 'browser': 1, 'step': 0, 'name': 'Account #002', 'status': 'WAIT', 'detail': 'Starting...', 'ts': '00:51:37'}
2026-07-26 00:51:39 [INFO] tile slot=1 -> (16,16,520x700) title='Camoufox'
2026-07-26 00:51:39 [INFO] B01 [01] Open Signup Page | WAIT | accounts.x.ai
2026-07-26 00:51:39 [DEBUG] event step: {'type': 'step', 'browser': 1, 'step': 1, 'name': 'Open Signup Page', 'status': 'WAIT', 'detail': 'accounts.x.ai', 'ts': '00:51:39'}
2026-07-26 00:51:39 [DEBUG] place slot=1 reapply hwnd=460154 ok=True
2026-07-26 00:51:41 [DEBUG] place slot=1 reapply hwnd=460154 ok=True
2026-07-26 00:51:43 [INFO] B01 [01] Open Signup Page | OK | Page Loaded ✓
2026-07-26 00:51:43 [DEBUG] event step: {'type': 'step', 'browser': 1, 'step': 1, 'name': 'Open Signup Page', 'status': 'OK', 'detail': 'Page Loaded ✓', 'ts': '00:51:43'}
2026-07-26 00:51:43 [INFO] B01 [02] Email Form Click | WAIT | Sign up with email
2026-07-26 00:51:43 [DEBUG] event step: {'type': 'step', 'browser': 1, 'step': 2, 'name': 'Email Form Click', 'status': 'WAIT', 'detail': 'Sign up with email', 'ts': '00:51:43'}
2026-07-26 00:51:44 [INFO] B01 [02] Email Form Click | OK | Form Ready ✓
2026-07-26 00:51:44 [DEBUG] event step: {'type': 'step', 'browser': 1, 'step': 2, 'name': 'Email Form Click', 'status': 'OK', 'detail': 'Form Ready ✓', 'ts': '00:51:44'}
2026-07-26 00:51:44 [INFO] B01 [03] Create Temp Email | WAIT | Requesting inbox...
2026-07-26 00:51:44 [DEBUG] event step: {'type': 'step', 'browser': 1, 'step': 3, 'name': 'Create Temp Email', 'status': 'WAIT', 'detail': 'Requesting inbox...', 'ts': '00:51:44'}
2026-07-26 00:51:44 [INFO] B01 [03] Create Temp Email | WAIT | grok_g4nz08tw@cfpanel.biz.id
2026-07-26 00:51:44 [DEBUG] event step: {'type': 'step', 'browser': 1, 'step': 3, 'name': 'Create Temp Email', 'status': 'WAIT', 'detail': 'grok_g4nz08tw@cfpanel.biz.id', 'ts': '00:51:44'}
2026-07-26 00:51:44 [DEBUG] place slot=1 reapply hwnd=460154 ok=True
2026-07-26 00:51:45 [INFO] B01 [03] Create Temp Email | OK | Email Submitted ✓
2026-07-26 00:51:45 [DEBUG] event step: {'type': 'step', 'browser': 1, 'step': 3, 'name': 'Create Temp Email', 'status': 'OK', 'detail': 'Email Submitted ✓', 'ts': '00:51:45'}
2026-07-26 00:51:45 [INFO] B01 [04] Wait OTP Code | WAIT | Polling inbox...
2026-07-26 00:51:45 [DEBUG] event step: {'type': 'step', 'browser': 1, 'step': 4, 'name': 'Wait OTP Code', 'status': 'WAIT', 'detail': 'Polling inbox...', 'ts': '00:51:45'}
2026-07-26 00:51:45 [INFO] B01 [04] Wait OTP Code | WAIT | Waiting (0s)...
2026-07-26 00:51:46 [INFO] B01 [04] Wait OTP Code | WAIT | Waiting (0s)...
2026-07-26 00:51:46 [INFO] B01 [04] Wait OTP Code | WAIT | Waiting (1s)...
2026-07-26 00:51:47 [INFO] B01 [04] Wait OTP Code | WAIT | Waiting (1s)...
2026-07-26 00:51:47 [INFO] B01 [04] Wait OTP Code | WAIT | Waiting (2s)...
2026-07-26 00:51:48 [INFO] B01 [04] Wait OTP Code | WAIT | Waiting (2s)...
2026-07-26 00:51:48 [INFO] B01 [04] Wait OTP Code | WAIT | Waiting (3s)...
2026-07-26 00:51:49 [INFO] B01 [04] Wait OTP Code | WAIT | Waiting (3s)...
2026-07-26 00:51:49 [INFO] B01 [04] Wait OTP Code | WAIT | Waiting (4s)...
2026-07-26 00:51:50 [INFO] B01 [04] Wait OTP Code | WAIT | Waiting (4s)...
2026-07-26 00:51:50 [INFO] B01 [04] Wait OTP Code | WAIT | Waiting (5s)...
2026-07-26 00:51:51 [INFO] B01 [04] Wait OTP Code | WAIT | Waiting (5s)...
2026-07-26 00:51:51 [INFO] B01 [04] Wait OTP Code | WAIT | Waiting (6s)...
2026-07-26 00:51:52 [INFO] B01 [04] Wait OTP Code | WAIT | Waiting (7s)...
2026-07-26 00:51:53 [INFO] B01 [04] Wait OTP Code | WAIT | Waiting (7s)...
2026-07-26 00:51:53 [DEBUG] place slot=1 reapply hwnd=460154 ok=True
2026-07-26 00:51:53 [INFO] B01 [04] Wait OTP Code | WAIT | Waiting (8s)...
2026-07-26 00:51:54 [DEBUG] place slot=1 reapply hwnd=460154 ok=True
2026-07-26 00:51:54 [INFO] B01 [04] Wait OTP Code | WAIT | Waiting (8s)...
2026-07-26 00:51:54 [INFO] B01 [04] Wait OTP Code | WAIT | Waiting (9s)...
2026-07-26 00:51:55 [INFO] B01 [04] Wait OTP Code | WAIT | Waiting (9s)...
2026-07-26 00:51:55 [INFO] B01 [04] Wait OTP Code | WAIT | Waiting (10s)...
2026-07-26 00:51:56 [INFO] B01 [04] Wait OTP Code | WAIT | Waiting (10s)...
2026-07-26 00:51:56 [INFO] B01 [04] Wait OTP Code | WAIT | Waiting (11s)...
2026-07-26 00:51:57 [INFO] B01 [04] Wait OTP Code | WAIT | Waiting (12s)...
2026-07-26 00:51:58 [INFO] B01 [04] Wait OTP Code | WAIT | Waiting (12s)...
2026-07-26 00:51:58 [INFO] B01 [04] Wait OTP Code | WAIT | Waiting (13s)...
2026-07-26 00:51:59 [INFO] B01 [04] Wait OTP Code | WAIT | Waiting (13s)...
2026-07-26 00:51:59 [INFO] B01 [04] Wait OTP Code | WAIT | Waiting (14s)...
2026-07-26 00:52:00 [INFO] B01 [04] Wait OTP Code | WAIT | Waiting (14s)...
2026-07-26 00:52:00 [INFO] B01 [04] Wait OTP Code | WAIT | Waiting (15s)...
2026-07-26 00:52:01 [DEBUG] place slot=1 reapply hwnd=460154 ok=True
2026-07-26 00:52:01 [INFO] B01 [04] Wait OTP Code | WAIT | Waiting (16s)...
2026-07-26 00:52:02 [INFO] B01 [04] Wait OTP Code | WAIT | Waiting (17s)...
2026-07-26 00:52:03 [INFO] B01 [04] Wait OTP Code | WAIT | Waiting (17s)...
2026-07-26 00:52:04 [INFO] B01 [04] Wait OTP Code | WAIT | Waiting (18s)...
2026-07-26 00:52:05 [INFO] B01 [04] Wait OTP Code | WAIT | Waiting (19s)...
2026-07-26 00:52:06 [INFO] B01 [04] Wait OTP Code | WAIT | Waiting (20s)...
2026-07-26 00:52:07 [INFO] B01 [04] Wait OTP Code | WAIT | Waiting (21s)...
2026-07-26 00:52:07 [INFO] B01 [04] Wait OTP Code | WAIT | Waiting (22s)...
2026-07-26 00:52:08 [INFO] B01 [04] Wait OTP Code | WAIT | Waiting (23s)...
2026-07-26 00:52:09 [DEBUG] place slot=1 reapply hwnd=460154 ok=True
2026-07-26 00:52:09 [INFO] B01 [04] Wait OTP Code | WAIT | Waiting (24s)...
2026-07-26 00:52:10 [INFO] B01 [04] Wait OTP Code | WAIT | Waiting (25s)...
2026-07-26 00:52:11 [INFO] B01 [04] Wait OTP Code | WAIT | Waiting (26s)...
2026-07-26 00:52:12 [INFO] B01 [04] Wait OTP Code | WAIT | Waiting (26s)...
2026-07-26 00:52:13 [INFO] B01 [04] Wait OTP Code | WAIT | Waiting (27s)...
2026-07-26 00:52:14 [INFO] B01 [04] Wait OTP Code | WAIT | Waiting (28s)...
2026-07-26 00:52:15 [INFO] B01 [04] Wait OTP Code | WAIT | Waiting (29s)...
2026-07-26 00:52:15 [INFO] B01 [04] Wait OTP Code | WAIT | Waiting (30s)...
2026-07-26 00:52:16 [INFO] B01 [04] Wait OTP Code | WAIT | Waiting (31s)...
2026-07-26 00:52:17 [DEBUG] place slot=1 reapply hwnd=460154 ok=True
2026-07-26 00:52:17 [INFO] B01 [04] Wait OTP Code | WAIT | Waiting (32s)...
2026-07-26 00:52:18 [INFO] B01 [04] Wait OTP Code | WAIT | Waiting (33s)...
2026-07-26 00:52:19 [INFO] B01 [04] Wait OTP Code | WAIT | Waiting (34s)...
2026-07-26 00:52:20 [INFO] B01 [04] Wait OTP Code | WAIT | Waiting (35s)...
2026-07-26 00:52:21 [INFO] B01 [04] Wait OTP Code | WAIT | Waiting (35s)...
2026-07-26 00:52:22 [INFO] B01 [04] Wait OTP Code | WAIT | Waiting (36s)...
2026-07-26 00:52:23 [INFO] B01 [04] Wait OTP Code | WAIT | Waiting (37s)...
2026-07-26 00:52:24 [INFO] B01 [04] Wait OTP Code | WAIT | Waiting (38s)...
2026-07-26 00:52:24 [INFO] B01 [04] Wait OTP Code | WAIT | Waiting (39s)...
2026-07-26 00:52:25 [DEBUG] place slot=1 reapply hwnd=460154 ok=True
2026-07-26 00:52:25 [INFO] B01 [04] Wait OTP Code | WAIT | Waiting (40s)...
2026-07-26 00:52:27 [INFO] B01 [04] Wait OTP Code | WAIT | Waiting (41s)...
2026-07-26 00:52:28 [INFO] B01 [04] Wait OTP Code | WAIT | Waiting (43s)...
2026-07-26 00:52:30 [INFO] B01 [04] Wait OTP Code | WAIT | Waiting (44s)...
2026-07-26 00:52:31 [INFO] B01 [04] Wait OTP Code | WAIT | Waiting (46s)...
2026-07-26 00:52:33 [INFO] B01 [04] Wait OTP Code | OK | Code: WPW2RF ✓
2026-07-26 00:52:33 [DEBUG] event step: {'type': 'step', 'browser': 1, 'step': 4, 'name': 'Wait OTP Code', 'status': 'OK', 'detail': 'Code: WPW2RF ✓', 'ts': '00:52:33'}
2026-07-26 00:52:33 [INFO] B01 [05] Submit OTP Code | WAIT | Filling code...
2026-07-26 00:52:33 [DEBUG] event step: {'type': 'step', 'browser': 1, 'step': 5, 'name': 'Submit OTP Code', 'status': 'WAIT', 'detail': 'Filling code...', 'ts': '00:52:33'}
2026-07-26 00:52:33 [DEBUG] place slot=1 reapply hwnd=460154 ok=True
2026-07-26 00:52:35 [INFO] B01 [05] Submit OTP Code | OK | Verified ✓
2026-07-26 00:52:35 [DEBUG] event step: {'type': 'step', 'browser': 1, 'step': 5, 'name': 'Submit OTP Code', 'status': 'OK', 'detail': 'Verified ✓', 'ts': '00:52:35'}
2026-07-26 00:52:35 [INFO] B01 [06] Fill Profile Form | WAIT | Name & Password
2026-07-26 00:52:35 [DEBUG] event step: {'type': 'step', 'browser': 1, 'step': 6, 'name': 'Fill Profile Form', 'status': 'WAIT', 'detail': 'Name & Password', 'ts': '00:52:35'}
2026-07-26 00:52:35 [DEBUG] place slot=1 reapply hwnd=460154 ok=True
2026-07-26 00:52:35 [INFO] B01 [06] Fill Profile Form | OK | Name: Grok G4nz08tw ✓
2026-07-26 00:52:35 [DEBUG] event step: {'type': 'step', 'browser': 1, 'step': 6, 'name': 'Fill Profile Form', 'status': 'OK', 'detail': 'Name: Grok G4nz08tw ✓', 'ts': '00:52:35'}
2026-07-26 00:52:35 [INFO] B01 [07] Solve Turnstile | WAIT | Auto-solving Cloudflare...
2026-07-26 00:52:35 [DEBUG] event step: {'type': 'step', 'browser': 1, 'step': 7, 'name': 'Solve Turnstile', 'status': 'WAIT', 'detail': 'Auto-solving Cloudflare...', 'ts': '00:52:35'}
2026-07-26 00:52:35 [INFO] B01 [07] Solve Turnstile | WAIT | Waiting (0s)...
2026-07-26 00:52:36 [INFO] B01 [07] Solve Turnstile | WAIT | Waiting (0s)...
2026-07-26 00:52:36 [INFO] B01 [07] Solve Turnstile | WAIT | Waiting (0s)...
2026-07-26 00:52:37 [INFO] B01 [07] Solve Turnstile | WAIT | Waiting (1s)...
2026-07-26 00:52:37 [INFO] B01 [07] Solve Turnstile | WAIT | Waiting (1s)...
2026-07-26 00:52:37 [INFO] B01 [07] Solve Turnstile | OK | Solved & Submitted ✓
2026-07-26 00:52:37 [DEBUG] event step: {'type': 'step', 'browser': 1, 'step': 7, 'name': 'Solve Turnstile', 'status': 'OK', 'detail': 'Solved & Submitted ✓', 'ts': '00:52:37'}
2026-07-26 00:52:38 [INFO] B01 [08] Redirect grok.com | WAIT | Waiting redirect...
2026-07-26 00:52:38 [DEBUG] event step: {'type': 'step', 'browser': 1, 'step': 8, 'name': 'Redirect grok.com', 'status': 'WAIT', 'detail': 'Waiting redirect...', 'ts': '00:52:38'}
2026-07-26 00:52:46 [INFO] B01 [08] Redirect grok.com | OK | Grok Logged In ✓
2026-07-26 00:52:46 [DEBUG] event step: {'type': 'step', 'browser': 1, 'step': 8, 'name': 'Redirect grok.com', 'status': 'OK', 'detail': 'Grok Logged In ✓', 'ts': '00:52:46'}
2026-07-26 00:52:46 [INFO] B01 [09] 9Router OAuth | WAIT | Logging in 9Router...
2026-07-26 00:52:46 [DEBUG] event step: {'type': 'step', 'browser': 1, 'step': 9, 'name': '9Router OAuth', 'status': 'WAIT', 'detail': 'Logging in 9Router...', 'ts': '00:52:46'}
2026-07-26 00:52:48 [INFO] B01 [09] 9Router OAuth | WAIT | User Code: PVRR-BGD3 (try 1/3)
2026-07-26 00:52:48 [DEBUG] event step: {'type': 'step', 'browser': 1, 'step': 9, 'name': '9Router OAuth', 'status': 'WAIT', 'detail': 'User Code: PVRR-BGD3 (try 1/3)', 'ts': '00:52:48'}
2026-07-26 00:52:50 [INFO] B01 [09] 9Router OAuth | WAIT | Device code filled ✓
2026-07-26 00:52:50 [DEBUG] event step: {'type': 'step', 'browser': 1, 'step': 9, 'name': '9Router OAuth', 'status': 'WAIT', 'detail': 'Device code filled ✓', 'ts': '00:52:50'}
2026-07-26 00:53:04 [DEBUG] oauth poll error: {'success': False, 'error': 'invalid_grant', 'errorDescription': 'Access denied', 'pending': False}
2026-07-26 00:53:05 [DEBUG] oauth poll error: {'success': False, 'error': 'invalid_grant', 'errorDescription': 'Access denied', 'pending': False}
2026-07-26 00:53:07 [DEBUG] oauth poll error: {'success': False, 'error': 'invalid_grant', 'errorDescription': 'Access denied', 'pending': False}
2026-07-26 00:53:08 [DEBUG] oauth poll error: {'success': False, 'error': 'invalid_grant', 'errorDescription': 'Access denied', 'pending': False}
2026-07-26 00:53:09 [DEBUG] oauth poll error: {'success': False, 'error': 'invalid_grant', 'errorDescription': 'Access denied', 'pending': False}
2026-07-26 00:53:10 [DEBUG] oauth poll error: {'success': False, 'error': 'invalid_grant', 'errorDescription': 'Access denied', 'pending': False}
2026-07-26 00:53:12 [DEBUG] oauth poll error: {'success': False, 'error': 'invalid_grant', 'errorDescription': 'Access denied', 'pending': False}
2026-07-26 00:53:13 [DEBUG] oauth poll error: {'success': False, 'error': 'invalid_grant', 'errorDescription': 'Access denied', 'pending': False}
2026-07-26 00:53:15 [DEBUG] oauth poll error: {'success': False, 'error': 'invalid_grant', 'errorDescription': 'Access denied', 'pending': False}
2026-07-26 00:53:16 [DEBUG] oauth poll error: {'success': False, 'error': 'invalid_grant', 'errorDescription': 'Access denied', 'pending': False}
2026-07-26 00:53:18 [DEBUG] oauth poll error: {'success': False, 'error': 'invalid_grant', 'errorDescription': 'Access denied', 'pending': False}
2026-07-26 00:53:19 [DEBUG] oauth poll error: {'success': False, 'error': 'invalid_grant', 'errorDescription': 'Access denied', 'pending': False}
2026-07-26 00:53:20 [INFO] B01 [09] 9Router OAuth | WAIT | Timeout — retry OAuth (1/3)
2026-07-26 00:53:20 [DEBUG] event step: {'type': 'step', 'browser': 1, 'step': 9, 'name': '9Router OAuth', 'status': 'WAIT', 'detail': 'Timeout — retry OAuth (1/3)', 'ts': '00:53:20'}
2026-07-26 00:53:21 [INFO] B01 [09] 9Router OAuth | WAIT | User Code: 6PQC-WQAF (try 2/3)
2026-07-26 00:53:21 [DEBUG] event step: {'type': 'step', 'browser': 1, 'step': 9, 'name': '9Router OAuth', 'status': 'WAIT', 'detail': 'User Code: 6PQC-WQAF (try 2/3)', 'ts': '00:53:21'}
2026-07-26 00:53:22 [INFO] B01 [09] 9Router OAuth | WAIT | Device code filled ✓
2026-07-26 00:53:22 [DEBUG] event step: {'type': 'step', 'browser': 1, 'step': 9, 'name': '9Router OAuth', 'status': 'WAIT', 'detail': 'Device code filled ✓', 'ts': '00:53:22'}
2026-07-26 00:53:37 [DEBUG] oauth poll error: {'success': False, 'error': 'invalid_grant', 'errorDescription': 'Access denied', 'pending': False}
2026-07-26 00:53:38 [DEBUG] oauth poll error: {'success': False, 'error': 'invalid_grant', 'errorDescription': 'Access denied', 'pending': False}
2026-07-26 00:53:39 [DEBUG] oauth poll error: {'success': False, 'error': 'invalid_grant', 'errorDescription': 'Access denied', 'pending': False}
2026-07-26 00:53:40 [DEBUG] oauth poll error: {'success': False, 'error': 'invalid_grant', 'errorDescription': 'Access denied', 'pending': False}
2026-07-26 00:53:41 [DEBUG] oauth poll error: {'success': False, 'error': 'invalid_grant', 'errorDescription': 'Access denied', 'pending': False}
2026-07-26 00:53:42 [DEBUG] oauth poll error: {'success': False, 'error': 'invalid_grant', 'errorDescription': 'Access denied', 'pending': False}
2026-07-26 00:53:44 [DEBUG] oauth poll error: {'success': False, 'error': 'invalid_grant', 'errorDescription': 'Access denied', 'pending': False}
2026-07-26 00:53:45 [DEBUG] oauth poll error: {'success': False, 'error': 'invalid_grant', 'errorDescription': 'Access denied', 'pending': False}
2026-07-26 00:53:47 [DEBUG] oauth poll error: {'success': False, 'error': 'invalid_grant', 'errorDescription': 'Access denied', 'pending': False}
2026-07-26 00:53:48 [DEBUG] oauth poll error: {'success': False, 'error': 'invalid_grant', 'errorDescription': 'Access denied', 'pending': False}
2026-07-26 00:53:50 [DEBUG] oauth poll error: {'success': False, 'error': 'invalid_grant', 'errorDescription': 'Access denied', 'pending': False}
2026-07-26 00:53:51 [DEBUG] oauth poll error: {'success': False, 'error': 'invalid_grant', 'errorDescription': 'Access denied', 'pending': False}
2026-07-26 00:53:53 [INFO] B01 [09] 9Router OAuth | WAIT | Timeout — retry OAuth (2/3)
2026-07-26 00:53:53 [DEBUG] event step: {'type': 'step', 'browser': 1, 'step': 9, 'name': '9Router OAuth', 'status': 'WAIT', 'detail': 'Timeout — retry OAuth (2/3)', 'ts': '00:53:53'}
2026-07-26 00:53:53 [INFO] B01 [09] 9Router OAuth | WAIT | User Code: AGV2-SF5X (try 3/3)
2026-07-26 00:53:53 [DEBUG] event step: {'type': 'step', 'browser': 1, 'step': 9, 'name': '9Router OAuth', 'status': 'WAIT', 'detail': 'User Code: AGV2-SF5X (try 3/3)', 'ts': '00:53:53'}
2026-07-26 00:53:55 [INFO] B01 [09] 9Router OAuth | WAIT | Device code filled ✓
2026-07-26 00:53:55 [DEBUG] event step: {'type': 'step', 'browser': 1, 'step': 9, 'name': '9Router OAuth', 'status': 'WAIT', 'detail': 'Device code filled ✓', 'ts': '00:53:55'}
2026-07-26 00:54:09 [DEBUG] oauth poll error: {'success': False, 'error': 'invalid_grant', 'errorDescription': 'Access denied', 'pending': False}
2026-07-26 00:54:10 [DEBUG] oauth poll error: {'success': False, 'error': 'invalid_grant', 'errorDescription': 'Access denied', 'pending': False}
2026-07-26 00:54:11 [DEBUG] oauth poll error: {'success': False, 'error': 'invalid_grant', 'errorDescription': 'Access denied', 'pending': False}
2026-07-26 00:54:12 [DEBUG] oauth poll error: {'success': False, 'error': 'invalid_grant', 'errorDescription': 'Access denied', 'pending': False}
2026-07-26 00:54:13 [DEBUG] oauth poll error: {'success': False, 'error': 'invalid_grant', 'errorDescription': 'Access denied', 'pending': False}
2026-07-26 00:54:14 [DEBUG] oauth poll error: {'success': False, 'error': 'invalid_grant', 'errorDescription': 'Access denied', 'pending': False}
2026-07-26 00:54:16 [DEBUG] oauth poll error: {'success': False, 'error': 'invalid_grant', 'errorDescription': 'Access denied', 'pending': False}
2026-07-26 00:54:17 [DEBUG] oauth poll error: {'success': False, 'error': 'invalid_grant', 'errorDescription': 'Access denied', 'pending': False}
2026-07-26 00:54:19 [DEBUG] oauth poll error: {'success': False, 'error': 'invalid_grant', 'errorDescription': 'Access denied', 'pending': False}
2026-07-26 00:54:20 [DEBUG] oauth poll error: {'success': False, 'error': 'invalid_grant', 'errorDescription': 'Access denied', 'pending': False}
2026-07-26 00:54:22 [DEBUG] oauth poll error: {'success': False, 'error': 'invalid_grant', 'errorDescription': 'Access denied', 'pending': False}
2026-07-26 00:54:24 [DEBUG] oauth poll error: {'success': False, 'error': 'invalid_grant', 'errorDescription': 'Access denied', 'pending': False}
2026-07-26 00:54:25 [DEBUG] oauth poll error: {'success': False, 'error': 'invalid_grant', 'errorDescription': 'Access denied', 'pending': False}
2026-07-26 00:54:27 [DEBUG] oauth poll error: {'success': False, 'error': 'invalid_grant', 'errorDescription': 'Access denied', 'pending': False}
2026-07-26 00:54:28 [DEBUG] oauth poll error: {'success': False, 'error': 'invalid_grant', 'errorDescription': 'Access denied', 'pending': False}
2026-07-26 00:54:30 [DEBUG] oauth poll error: {'success': False, 'error': 'invalid_grant', 'errorDescription': 'Access denied', 'pending': False}
2026-07-26 00:54:31 [INFO] B01 [09] 9Router OAuth | FAIL | Timeout — retry OAuth (3/3)
2026-07-26 00:54:31 [DEBUG] event step: {'type': 'step', 'browser': 1, 'step': 9, 'name': '9Router OAuth', 'status': 'FAIL', 'detail': 'Timeout — retry OAuth (3/3)', 'ts': '00:54:31'}
2026-07-26 00:54:31 [INFO] B01 [09] 9Router OAuth | FAIL | OAuth Timeout / Not Approved
2026-07-26 00:54:31 [DEBUG] event step: {'type': 'step', 'browser': 1, 'step': 9, 'name': '9Router OAuth', 'status': 'FAIL', 'detail': 'OAuth Timeout / Not Approved', 'ts': '00:54:31'}
2026-07-26 00:54:31 [INFO] B01 [10] Save Credentials | DONE | Saved → sso.txt
2026-07-26 00:54:31 [DEBUG] event step: {'type': 'step', 'browser': 1, 'step': 10, 'name': 'Save Credentials', 'status': 'DONE', 'detail': 'Saved → sso.txt', 'ts': '00:54:31'}
2026-07-26 00:54:31 [DEBUG] event account_ok: {'type': 'account_ok', 'browser': 1, 'index': 2, 'email': 'grok_g4nz08tw@cfpanel.biz.id', 'elapsed': '174.8s', 'r9_success': False}
2026-07-26 00:54:32 [INFO] B01 [00] Account #003 | WAIT | Starting...
2026-07-26 00:54:32 [DEBUG] event step: {'type': 'step', 'browser': 1, 'step': 0, 'name': 'Account #003', 'status': 'WAIT', 'detail': 'Starting...', 'ts': '00:54:32'}
2026-07-26 00:54:34 [INFO] tile slot=1 -> (16,16,520x700) title='Camoufox'
2026-07-26 00:54:34 [INFO] B01 [01] Open Signup Page | WAIT | accounts.x.ai
2026-07-26 00:54:34 [DEBUG] event step: {'type': 'step', 'browser': 1, 'step': 1, 'name': 'Open Signup Page', 'status': 'WAIT', 'detail': 'accounts.x.ai', 'ts': '00:54:34'}
2026-07-26 00:54:34 [DEBUG] place slot=1 reapply hwnd=525726 ok=True
2026-07-26 00:54:35 [DEBUG] place slot=1 reapply hwnd=525726 ok=True
2026-07-26 00:54:37 [INFO] B01 [01] Open Signup Page | OK | Page Loaded ✓
2026-07-26 00:54:37 [DEBUG] event step: {'type': 'step', 'browser': 1, 'step': 1, 'name': 'Open Signup Page', 'status': 'OK', 'detail': 'Page Loaded ✓', 'ts': '00:54:37'}
2026-07-26 00:54:37 [INFO] B01 [02] Email Form Click | WAIT | Sign up with email
2026-07-26 00:54:37 [DEBUG] event step: {'type': 'step', 'browser': 1, 'step': 2, 'name': 'Email Form Click', 'status': 'WAIT', 'detail': 'Sign up with email', 'ts': '00:54:37'}
2026-07-26 00:54:37 [INFO] B01 [02] Email Form Click | OK | Form Ready ✓
2026-07-26 00:54:37 [DEBUG] event step: {'type': 'step', 'browser': 1, 'step': 2, 'name': 'Email Form Click', 'status': 'OK', 'detail': 'Form Ready ✓', 'ts': '00:54:37'}
2026-07-26 00:54:37 [INFO] B01 [03] Create Temp Email | WAIT | Requesting inbox...
2026-07-26 00:54:37 [DEBUG] event step: {'type': 'step', 'browser': 1, 'step': 3, 'name': 'Create Temp Email', 'status': 'WAIT', 'detail': 'Requesting inbox...', 'ts': '00:54:37'}
2026-07-26 00:54:37 [INFO] B01 [03] Create Temp Email | WAIT | grok_7pdgrzvz@cfpanel.biz.id
2026-07-26 00:54:37 [DEBUG] event step: {'type': 'step', 'browser': 1, 'step': 3, 'name': 'Create Temp Email', 'status': 'WAIT', 'detail': 'grok_7pdgrzvz@cfpanel.biz.id', 'ts': '00:54:37'}
2026-07-26 00:54:37 [DEBUG] place slot=1 reapply hwnd=525726 ok=True
2026-07-26 00:54:38 [INFO] B01 [03] Create Temp Email | OK | Email Submitted ✓
2026-07-26 00:54:38 [DEBUG] event step: {'type': 'step', 'browser': 1, 'step': 3, 'name': 'Create Temp Email', 'status': 'OK', 'detail': 'Email Submitted ✓', 'ts': '00:54:38'}
2026-07-26 00:54:38 [INFO] B01 [04] Wait OTP Code | WAIT | Polling inbox...
2026-07-26 00:54:38 [DEBUG] event step: {'type': 'step', 'browser': 1, 'step': 4, 'name': 'Wait OTP Code', 'status': 'WAIT', 'detail': 'Polling inbox...', 'ts': '00:54:38'}
2026-07-26 00:54:38 [INFO] B01 [04] Wait OTP Code | WAIT | Waiting (0s)...
2026-07-26 00:54:39 [INFO] B01 [04] Wait OTP Code | WAIT | Waiting (0s)...
2026-07-26 00:54:39 [INFO] B01 [04] Wait OTP Code | WAIT | Waiting (1s)...
2026-07-26 00:54:40 [INFO] B01 [04] Wait OTP Code | WAIT | Waiting (1s)...
2026-07-26 00:54:40 [INFO] B01 [04] Wait OTP Code | WAIT | Waiting (2s)...
2026-07-26 00:54:41 [INFO] B01 [04] Wait OTP Code | WAIT | Waiting (2s)...
2026-07-26 00:54:41 [INFO] B01 [04] Wait OTP Code | WAIT | Waiting (3s)...
2026-07-26 00:54:42 [INFO] B01 [04] Wait OTP Code | WAIT | Waiting (3s)...
2026-07-26 00:54:42 [INFO] B01 [04] Wait OTP Code | WAIT | Waiting (4s)...
2026-07-26 00:54:43 [INFO] B01 [04] Wait OTP Code | WAIT | Waiting (4s)...
2026-07-26 00:54:44 [INFO] B01 [04] Wait OTP Code | WAIT | Waiting (5s)...
2026-07-26 00:54:44 [INFO] B01 [04] Wait OTP Code | WAIT | Waiting (5s)...
2026-07-26 00:54:45 [INFO] B01 [04] Wait OTP Code | WAIT | Waiting (6s)...
2026-07-26 00:54:45 [INFO] B01 [04] Wait OTP Code | WAIT | Waiting (7s)...
2026-07-26 00:54:46 [INFO] B01 [04] Wait OTP Code | WAIT | Waiting (7s)...
2026-07-26 00:54:46 [DEBUG] place slot=1 reapply hwnd=525726 ok=True
2026-07-26 00:54:46 [INFO] B01 [04] Wait OTP Code | WAIT | Waiting (8s)...
2026-07-26 00:54:47 [DEBUG] place slot=1 reapply hwnd=525726 ok=True
2026-07-26 00:54:47 [INFO] B01 [04] Wait OTP Code | WAIT | Waiting (8s)...
2026-07-26 00:54:47 [INFO] B01 [04] Wait OTP Code | WAIT | Waiting (9s)...
2026-07-26 00:54:48 [INFO] B01 [04] Wait OTP Code | WAIT | Waiting (9s)...
2026-07-26 00:54:49 [INFO] B01 [04] Wait OTP Code | WAIT | Waiting (10s)...
2026-07-26 00:54:49 [INFO] B01 [04] Wait OTP Code | WAIT | Waiting (10s)...
2026-07-26 00:54:50 [INFO] B01 [04] Wait OTP Code | WAIT | Waiting (11s)...
2026-07-26 00:54:50 [INFO] B01 [04] Wait OTP Code | WAIT | Waiting (11s)...
2026-07-26 00:54:51 [INFO] B01 [04] Wait OTP Code | WAIT | Waiting (12s)...
2026-07-26 00:54:51 [INFO] B01 [04] Wait OTP Code | WAIT | Waiting (13s)...
2026-07-26 00:54:52 [INFO] B01 [04] Wait OTP Code | WAIT | Waiting (13s)...
2026-07-26 00:54:52 [INFO] B01 [04] Wait OTP Code | WAIT | Waiting (14s)...
2026-07-26 00:54:53 [INFO] B01 [04] Wait OTP Code | WAIT | Waiting (14s)...
2026-07-26 00:54:53 [INFO] B01 [04] Wait OTP Code | WAIT | Waiting (15s)...
2026-07-26 00:54:54 [DEBUG] place slot=1 reapply hwnd=525726 ok=True
2026-07-26 00:54:54 [INFO] B01 [04] Wait OTP Code | WAIT | Waiting (16s)...
2026-07-26 00:54:55 [INFO] B01 [04] Wait OTP Code | WAIT | Waiting (17s)...
2026-07-26 00:54:56 [INFO] B01 [04] Wait OTP Code | WAIT | Waiting (17s)...
2026-07-26 00:54:57 [INFO] B01 [04] Wait OTP Code | WAIT | Waiting (18s)...
2026-07-26 00:54:58 [INFO] B01 [04] Wait OTP Code | WAIT | Waiting (19s)...
2026-07-26 00:54:59 [INFO] B01 [04] Wait OTP Code | WAIT | Waiting (20s)...
2026-07-26 00:55:00 [INFO] B01 [04] Wait OTP Code | WAIT | Waiting (21s)...
2026-07-26 00:55:00 [INFO] B01 [04] Wait OTP Code | WAIT | Waiting (22s)...
2026-07-26 00:55:01 [INFO] B01 [04] Wait OTP Code | WAIT | Waiting (23s)...
2026-07-26 00:55:02 [DEBUG] place slot=1 reapply hwnd=525726 ok=True
2026-07-26 00:55:02 [INFO] B01 [04] Wait OTP Code | WAIT | Waiting (24s)...
2026-07-26 00:55:03 [INFO] B01 [04] Wait OTP Code | WAIT | Waiting (25s)...
2026-07-26 00:55:04 [INFO] B01 [04] Wait OTP Code | WAIT | Waiting (25s)...
2026-07-26 00:55:05 [INFO] B01 [04] Wait OTP Code | WAIT | Waiting (26s)...
2026-07-26 00:55:06 [INFO] B01 [04] Wait OTP Code | WAIT | Waiting (27s)...
2026-07-26 00:55:07 [INFO] B01 [04] Wait OTP Code | WAIT | Waiting (28s)...
2026-07-26 00:55:08 [INFO] B01 [04] Wait OTP Code | WAIT | Waiting (29s)...
2026-07-26 00:55:09 [INFO] B01 [04] Wait OTP Code | WAIT | Waiting (30s)...
2026-07-26 00:55:09 [INFO] B01 [04] Wait OTP Code | WAIT | Waiting (31s)...
2026-07-26 00:55:10 [DEBUG] place slot=1 reapply hwnd=525726 ok=True
2026-07-26 00:55:10 [INFO] B01 [04] Wait OTP Code | WAIT | Waiting (32s)...
2026-07-26 00:55:11 [INFO] B01 [04] Wait OTP Code | WAIT | Waiting (33s)...
2026-07-26 00:55:12 [INFO] B01 [04] Wait OTP Code | WAIT | Waiting (34s)...
2026-07-26 00:55:13 [INFO] B01 [04] Wait OTP Code | WAIT | Waiting (34s)...
2026-07-26 00:55:14 [INFO] B01 [04] Wait OTP Code | WAIT | Waiting (35s)...
2026-07-26 00:55:15 [INFO] B01 [04] Wait OTP Code | WAIT | Waiting (36s)...
2026-07-26 00:55:16 [INFO] B01 [04] Wait OTP Code | WAIT | Waiting (37s)...
2026-07-26 00:55:17 [INFO] B01 [04] Wait OTP Code | WAIT | Waiting (38s)...
2026-07-26 00:55:17 [INFO] B01 [04] Wait OTP Code | WAIT | Waiting (39s)...
2026-07-26 00:55:18 [DEBUG] place slot=1 reapply hwnd=525726 ok=True
2026-07-26 00:55:18 [INFO] B01 [04] Wait OTP Code | WAIT | Waiting (40s)...
2026-07-26 00:55:20 [INFO] B01 [04] Wait OTP Code | WAIT | Waiting (41s)...
2026-07-26 00:55:21 [INFO] B01 [04] Wait OTP Code | WAIT | Waiting (43s)...
2026-07-26 00:55:23 [INFO] B01 [04] Wait OTP Code | WAIT | Waiting (44s)...
2026-07-26 00:55:24 [INFO] B01 [04] Wait OTP Code | WAIT | Waiting (46s)...
2026-07-26 00:55:26 [INFO] B01 [04] Wait OTP Code | WAIT | Waiting (47s)...
2026-07-26 00:55:27 [INFO] B01 [04] Wait OTP Code | WAIT | Waiting (49s)...
2026-07-26 00:55:29 [INFO] B01 [04] Wait OTP Code | OK | Code: 2DBKVQ ✓
2026-07-26 00:55:29 [DEBUG] event step: {'type': 'step', 'browser': 1, 'step': 4, 'name': 'Wait OTP Code', 'status': 'OK', 'detail': 'Code: 2DBKVQ ✓', 'ts': '00:55:29'}
2026-07-26 00:55:29 [INFO] B01 [05] Submit OTP Code | WAIT | Filling code...
2026-07-26 00:55:29 [DEBUG] event step: {'type': 'step', 'browser': 1, 'step': 5, 'name': 'Submit OTP Code', 'status': 'WAIT', 'detail': 'Filling code...', 'ts': '00:55:29'}
2026-07-26 00:55:29 [DEBUG] place slot=1 reapply hwnd=525726 ok=True
2026-07-26 00:55:30 [INFO] B01 [05] Submit OTP Code | OK | Verified ✓
2026-07-26 00:55:30 [DEBUG] event step: {'type': 'step', 'browser': 1, 'step': 5, 'name': 'Submit OTP Code', 'status': 'OK', 'detail': 'Verified ✓', 'ts': '00:55:30'}
2026-07-26 00:55:30 [INFO] B01 [06] Fill Profile Form | WAIT | Name & Password
2026-07-26 00:55:30 [DEBUG] event step: {'type': 'step', 'browser': 1, 'step': 6, 'name': 'Fill Profile Form', 'status': 'WAIT', 'detail': 'Name & Password', 'ts': '00:55:30'}
2026-07-26 00:55:30 [DEBUG] place slot=1 reapply hwnd=525726 ok=True
2026-07-26 00:55:30 [INFO] B01 [06] Fill Profile Form | OK | Name: Grok 7pdgrzvz ✓
2026-07-26 00:55:30 [DEBUG] event step: {'type': 'step', 'browser': 1, 'step': 6, 'name': 'Fill Profile Form', 'status': 'OK', 'detail': 'Name: Grok 7pdgrzvz ✓', 'ts': '00:55:30'}
2026-07-26 00:55:30 [INFO] B01 [07] Solve Turnstile | WAIT | Auto-solving Cloudflare...
2026-07-26 00:55:30 [DEBUG] event step: {'type': 'step', 'browser': 1, 'step': 7, 'name': 'Solve Turnstile', 'status': 'WAIT', 'detail': 'Auto-solving Cloudflare...', 'ts': '00:55:30'}
2026-07-26 00:55:30 [INFO] B01 [07] Solve Turnstile | WAIT | Waiting (0s)...
2026-07-26 00:55:31 [INFO] B01 [07] Solve Turnstile | WAIT | Waiting (0s)...
2026-07-26 00:55:31 [INFO] B01 [07] Solve Turnstile | WAIT | Waiting (0s)...
2026-07-26 00:55:31 [INFO] B01 [07] Solve Turnstile | WAIT | Waiting (1s)...
2026-07-26 00:55:32 [INFO] B01 [07] Solve Turnstile | WAIT | Waiting (1s)...
2026-07-26 00:55:32 [INFO] B01 [07] Solve Turnstile | WAIT | Waiting (1s)...
2026-07-26 00:55:33 [INFO] B01 [07] Solve Turnstile | WAIT | Waiting (2s)...
2026-07-26 00:55:33 [INFO] B01 [07] Solve Turnstile | WAIT | Waiting (2s)...
2026-07-26 00:55:33 [INFO] B01 [07] Solve Turnstile | WAIT | Waiting (3s)...
2026-07-26 00:55:34 [INFO] B01 [07] Solve Turnstile | OK | Solved & Submitted ✓
2026-07-26 00:55:34 [DEBUG] event step: {'type': 'step', 'browser': 1, 'step': 7, 'name': 'Solve Turnstile', 'status': 'OK', 'detail': 'Solved & Submitted ✓', 'ts': '00:55:34'}
2026-07-26 00:55:35 [INFO] B01 [08] Redirect grok.com | WAIT | Waiting redirect...
2026-07-26 00:55:35 [DEBUG] event step: {'type': 'step', 'browser': 1, 'step': 8, 'name': 'Redirect grok.com', 'status': 'WAIT', 'detail': 'Waiting redirect...', 'ts': '00:55:35'}
2026-07-26 00:55:38 [INFO] stop requested
2026-07-26 00:55:40 [INFO] B01 [08] Redirect grok.com | OK | Grok Logged In ✓
2026-07-26 00:55:40 [DEBUG] event step: {'type': 'step', 'browser': 1, 'step': 8, 'name': 'Redirect grok.com', 'status': 'OK', 'detail': 'Grok Logged In ✓', 'ts': '00:55:40'}
2026-07-26 00:55:40 [ERROR] B01 account#3 attempt=0: Stopped by user
2026-07-26 00:55:40 [DEBUG] Traceback (most recent call last):
  File "D:\MYPROJECT\nuyul\grok\dist\GrokSignup\grok-signup.py", line 1373, in _run_account_on_browser
    res = run_one(ctx, b_id=b_slot, tile_slot=b_slot, tile_max=conc)
  File "D:\MYPROJECT\nuyul\grok\dist\GrokSignup\grok-signup.py", line 1902, in run_one
    return _flow(page, b_id=b_id, tile_slot=tile_slot, tile_max=tile_max)
  File "D:\MYPROJECT\nuyul\grok\dist\GrokSignup\grok-signup.py", line 2166, in _flow
    STOP.check()
  File "D:\MYPROJECT\nuyul\grok\dist\GrokSignup\grok-signup.py", line 145, in check
    raise RuntimeError('Stopped by user')
RuntimeError: Stopped by user

2026-07-26 00:55:40 [INFO] B01 [00] Account #003 | FAIL | Stopped by user
2026-07-26 00:55:40 [DEBUG] event step: {'type': 'step', 'browser': 1, 'step': 0, 'name': 'Account #003', 'status': 'FAIL', 'detail': 'Stopped by user', 'ts': '00:55:40'}
2026-07-26 00:55:40 [DEBUG] event account_fail: {'type': 'account_fail', 'browser': 1, 'index': 3, 'error': 'Stopped by user', 'elapsed': '68.8s', 'email': ''}
2026-07-26 00:55:41 [DEBUG] event log: {'type': 'log', 'level': 'warn', 'message': 'Session stopped by user'}
2026-07-26 00:55:41 [DEBUG] event session: {'type': 'session', 'status': 'done', 'ok': 2, 'total': 10, 'elapsed': 437.4435908794403, 'stopped': True}
